==============================================================
 安眠科技 · 整晚闭环演示（虚拟时钟压缩版，PC 可跑）
 演示「会聊天的哄睡设备」：Agent 主导对话，入睡判定与光引导是两个端
==============================================================
[22:05:00] 设备就绪，等待睡前时刻

── 阶段1 清醒看书（说话/体动多，不应误判入睡）（30 秒）──────────────────────────
  22:05:10  [清醒] 规律度=0.00 呼吸率=  0.0/分 体动=0.000  音量=0% 灯=0%
  22:05:20  [清醒] 规律度=0.00 呼吸率=  0.0/分 体动=0.000  音量=0% 灯=0%
  22:05:30  [清醒] 规律度=0.16 呼吸率=  0.0/分 体动=0.576  音量=0% 灯=0%
[22:30:30] 任务到期
    ★ 睡前流程启动：棕噪 70% 淡入（2s）+ 呼吸引导灯
    ↳ 调度器触发 1 个任务
[22:31:30] 躺下，准备入睡

── 阶段3 躺平渐静（呼吸 17→14，体动减少）（90 秒）──────────────────────────
  22:31:40  [清醒] 规律度=0.52 呼吸率= 15.0/分 体动=0.039  音量=70% 灯=60%
  22:31:50  [入睡] 规律度=0.71 呼吸率= 15.0/分 体动=0.039  音量=70% 灯=13%
  22:32:00  [入睡] 规律度=0.79 呼吸率= 15.0/分 体动=0.037  音量=70% 灯=60%
  22:32:10  [入睡] 规律度=0.80 呼吸率= 15.0/分 体动=0.037  音量=70% 灯=32%
  22:32:20  [入睡] 规律度=0.78 呼吸率= 15.0/分 体动=0.039  音量=70% 灯=58%
  22:32:30  [入睡] 规律度=0.79 呼吸率= 15.0/分 体动=0.038  音量=70% 灯=51%
  22:32:40  [入睡] 规律度=0.80 呼吸率= 15.0/分 体动=0.038  音量=70% 灯=51%
  22:32:50  [入睡] 规律度=0.78 呼吸率= 15.0/分 体动=0.037  音量=70% 灯=60%
  22:33:00  [入睡] 规律度=0.79 呼吸率= 15.0/分 体动=0.038  音量=70% 灯=42%

    💤 检测到入睡（潜伏期 3 分钟）→ 淡出 + 灯灭（光害最小化）

── 淡出过程（真实 20s，展示 dB 域线性 + 精确归零）──
  + 5s  音量= 10%  (增益 Q15= 3340)
  +10s  音量=  1%  (增益 Q15=  486)
  +15s  音量=  0%  (增益 Q15=   70)
  +20s  音量=  0%  (增益 Q15=    0)
[22:33:00] 已静音，进入睡眠维护（约 3 小时虚拟跳过）

── 阶段4 夜醒（01:30 体动+语音）──

── 夜醒：翻身坐起 / 说话（15 秒）──────────────────────────
  01:33:05  [清醒] 规律度=0.32 呼吸率=  0.0/分 体动=0.855  音量=0% 灯=0%
  01:33:10  [清醒] 规律度=0.59 呼吸率= 28.6/分 体动=0.894  音量=0% 灯=0%
  01:33:15  [清醒] 规律度=0.62 呼吸率= 28.6/分 体动=0.833  音量=0% 灯=0%
    ★ 夜醒安抚：极低音量恢复棕噪 20% + 微光（不亮屏、不提问）

── 安抚后再次入睡（45 秒）──────────────────────────
  01:33:25  [困倦] 规律度=0.59 呼吸率= 15.0/分 体动=0.028  音量=70% 灯=20%
  01:33:35  [入睡] 规律度=0.80 呼吸率= 15.0/分 体动=0.029  音量=70% 灯=6%
  01:33:45  [入睡] 规律度=0.87 呼吸率= 15.0/分 体动=0.029  音量=70% 灯=20%
  01:33:55  [入睡] 规律度=0.87 呼吸率= 15.0/分 体动=0.029  音量=70% 灯=12%
  01:34:00  [入睡] 规律度=0.86 呼吸率= 15.0/分 体动=0.028  音量=70% 灯=20%

    💤 二次入睡确认 → 再次淡出 + 灯灭
[01:34:00] 恢复静默

==============================================================
 晨间睡眠简报（my_mem_summarize 聚合输出）
==============================================================
  有效记录   : 1 晚
  平均入睡潜伏: 600 秒
  平均睡眠时长: 405 分钟
  平均夜醒    : 1.00 次
  入睡最快手段: 棕噪
  质量分      : 82/100

  检测统计    : 分析窗 91 | 入睡窗 68 | 入睡事件 2 | 夜醒 1
==============================================================
 demo 结束。此循环即真机 app 主循环骨架（时间源换成 RTC/媒体回调）。
==============================================================
==================================================
 安眠科技 · 整晚闭环演示
==================================================
